// Jest Snapshot v1, https://goo.gl/fbAQLP

exports[`Content matches to snapshot 1`] = `
Object {
  "asFragment": [Function],
  "baseElement": <body>
    <div>
      <div
        class="sc-iAvgwm daJpBG"
      >
        <div
          class="sc-efBctP edPByx"
        >
          <div
            class="sc-cTQhss caNHKO"
          >
            <div
              class="sc-jOrMOR cYkGWB"
            >
              <div
                class="sc-dPyBCJ eDKTuI"
              >
                <img
                  class="sc-bBXxYQ cFgMxI"
                  src="some url"
                />
                <p
                  class="sc-bczRLJ cTDXTp"
                >
                  title
                </p>
              </div>
              <button
                class="sc-dkzDqf fcjXBB"
              >
                <svg
                  class="sc-gsnTZi gSmFuM"
                >
                  <use
                    href="http://localhost/collectSounds/icons.svg#playlist"
                  />
                </svg>
              </button>
            </div>
            <div
              class="sc-gXmSlM gTGlkc"
            >
              <div
                class="sc-cCsOjp eRiddm"
              >
                <div
                  class="sc-ciZhAO lhNMbE"
                >
                  <p
                    class="sc-bczRLJ cTDXTp"
                  >
                    #
                  </p>
                  <div
                    class="sc-jdAMXn klNkfz"
                  />
                </div>
                <button
                  class="sc-bZkfAO eeVatE"
                >
                  <svg
                    class="sc-gsnTZi gSmFuM"
                  >
                    <use
                      href="http://localhost/collectSounds/icons.svg#add"
                    />
                  </svg>
                </button>
              </div>
              <div
                class="sc-bZnhIo gMNbPu"
              >
                <div
                  class="sc-jdAMXn klNkfz"
                />
                <div
                  class="sc-iTONeN hFSBBE"
                >
                  <input
                    class="sc-jIZahH jGyggs"
                    placeholder="Add new"
                    value=""
                  />
                  <button
                    class="sc-dkzDqf fcjXBB"
                  >
                    <svg
                      class="sc-gsnTZi gSmFuM"
                    >
                      <use
                        href="http://localhost/collectSounds/icons.svg#add"
                      />
                    </svg>
                  </button>
                </div>
              </div>
            </div>
          </div>
        </div>
        <div
          class="sc-cOFTSb gnjjyM"
        >
          <div>
            <div
              class="sc-kLLXSd dJACWh"
            >
              <button
                class="sc-bZkfAO htIohz"
              >
                <p
                  class="sc-bczRLJ cTDXTp"
                >
                  About
                </p>
              </button>
              <button
                class="sc-bZkfAO eeVatE"
              >
                <p
                  class="sc-bczRLJ cTDXTp"
                >
                  Videos
                </p>
              </button>
              <button
                class="sc-bZkfAO eeVatE"
              >
                <p
                  class="sc-bczRLJ cTDXTp"
                >
                  Playlists
                </p>
              </button>
            </div>
            <div
              class="sc-ikZpkk bZigCe"
            >
              <p
                class="sc-bczRLJ cTDXTp"
              >
                description
              </p>
            </div>
            <div
              class="sc-ikZpkk jHenAF"
            >
              <div
                class="sc-gicCDI krBTcR"
              >
                <div
                  class="sc-ivTmOn lGvzm"
                >
                  <div
                    class="sc-cxabCf hUgmmj"
                  >
                    <p
                      class="sc-bczRLJ cTDXTp"
                    >
                      save
                    </p>
                  </div>
                  <div
                    class="sc-iIPllB jdDgTD"
                  >
                    <button
                      class="sc-ftvSup fgTGsh"
                    >
                      <div
                        class="sc-papXJ jzECTc"
                      >
                        <img
                          class="sc-jqUVSM htJVeA"
                          src="some url"
                        />
                        <span
                          class="sc-iqcoie kWnFou"
                        >
                          <p
                            class="sc-bczRLJ cygevi"
                          >
                            NaN
                          </p>
                        </span>
                      </div>
                      <div
                        class="sc-crXcEl dnNpxW"
                      >
                        <div
                          class="sc-evZas bbzNcv"
                        >
                          <p
                            class="sc-bczRLJ cTDXTp"
                          >
                            video title
                          </p>
                        </div>
                        <div
                          class="sc-breuTD bppYZD"
                        >
                          <p
                            class="sc-bczRLJ cygevi"
                          >
                            channel title
                          </p>
                        </div>
                        <p
                          class="sc-bczRLJ cygevi"
                        >
                          published at
                        </p>
                      </div>
                    </button>
                  </div>
                </div>
              </div>
            </div>
            <div
              class="sc-ikZpkk jHenAF"
            >
              <div
                class="sc-gicCDI krBTcR"
              >
                <div
                  class="sc-ivTmOn lGvzm"
                >
                  <div
                    class="sc-cxabCf hUgmmj"
                  >
                    <p
                      class="sc-bczRLJ cTDXTp"
                    >
                      save
                    </p>
                  </div>
                  <div
                    class="sc-iIPllB jdDgTD"
                  >
                    <button
                      class="sc-ksZaOG eaOmpk"
                    >
                      <div
                        class="sc-hAZoDl kHPNAP"
                      >
                        <img
                          class="sc-fnykZs eWLXfB"
                          src="some url"
                        />
                        <span
                          class="sc-fEOsli exrbZj"
                        >
                          <p
                            class="sc-bczRLJ cTDXTp"
                          />
                          <svg
                            class="sc-gsnTZi gSmFuM"
                          >
                            <use
                              href="http://localhost/collectSounds/icons.svg#playlistThumbnail"
                            />
                          </svg>
                        </span>
                      </div>
                      <div
                        class="sc-bjUoiL djMEHe"
                      >
                        <div
                          class="sc-idiyUo bUPSPD"
                        >
                          <p
                            class="sc-bczRLJ cTDXTp"
                          >
                            playlist title
                          </p>
                        </div>
                        <div
                          class="sc-dIouRR gSWUXk"
                        >
                          <p
                            class="sc-bczRLJ cygevi"
                          >
                            channel title
                          </p>
                        </div>
                      </div>
                    </button>
                  </div>
                </div>
              </div>
            </div>
          </div>
        </div>
      </div>
    </div>
  </body>,
  "container": <div>
    <div
      class="sc-iAvgwm daJpBG"
    >
      <div
        class="sc-efBctP edPByx"
      >
        <div
          class="sc-cTQhss caNHKO"
        >
          <div
            class="sc-jOrMOR cYkGWB"
          >
            <div
              class="sc-dPyBCJ eDKTuI"
            >
              <img
                class="sc-bBXxYQ cFgMxI"
                src="some url"
              />
              <p
                class="sc-bczRLJ cTDXTp"
              >
                title
              </p>
            </div>
            <button
              class="sc-dkzDqf fcjXBB"
            >
              <svg
                class="sc-gsnTZi gSmFuM"
              >
                <use
                  href="http://localhost/collectSounds/icons.svg#playlist"
                />
              </svg>
            </button>
          </div>
          <div
            class="sc-gXmSlM gTGlkc"
          >
            <div
              class="sc-cCsOjp eRiddm"
            >
              <div
                class="sc-ciZhAO lhNMbE"
              >
                <p
                  class="sc-bczRLJ cTDXTp"
                >
                  #
                </p>
                <div
                  class="sc-jdAMXn klNkfz"
                />
              </div>
              <button
                class="sc-bZkfAO eeVatE"
              >
                <svg
                  class="sc-gsnTZi gSmFuM"
                >
                  <use
                    href="http://localhost/collectSounds/icons.svg#add"
                  />
                </svg>
              </button>
            </div>
            <div
              class="sc-bZnhIo gMNbPu"
            >
              <div
                class="sc-jdAMXn klNkfz"
              />
              <div
                class="sc-iTONeN hFSBBE"
              >
                <input
                  class="sc-jIZahH jGyggs"
                  placeholder="Add new"
                  value=""
                />
                <button
                  class="sc-dkzDqf fcjXBB"
                >
                  <svg
                    class="sc-gsnTZi gSmFuM"
                  >
                    <use
                      href="http://localhost/collectSounds/icons.svg#add"
                    />
                  </svg>
                </button>
              </div>
            </div>
          </div>
        </div>
      </div>
      <div
        class="sc-cOFTSb gnjjyM"
      >
        <div>
          <div
            class="sc-kLLXSd dJACWh"
          >
            <button
              class="sc-bZkfAO htIohz"
            >
              <p
                class="sc-bczRLJ cTDXTp"
              >
                About
              </p>
            </button>
            <button
              class="sc-bZkfAO eeVatE"
            >
              <p
                class="sc-bczRLJ cTDXTp"
              >
                Videos
              </p>
            </button>
            <button
              class="sc-bZkfAO eeVatE"
            >
              <p
                class="sc-bczRLJ cTDXTp"
              >
                Playlists
              </p>
            </button>
          </div>
          <div
            class="sc-ikZpkk bZigCe"
          >
            <p
              class="sc-bczRLJ cTDXTp"
            >
              description
            </p>
          </div>
          <div
            class="sc-ikZpkk jHenAF"
          >
            <div
              class="sc-gicCDI krBTcR"
            >
              <div
                class="sc-ivTmOn lGvzm"
              >
                <div
                  class="sc-cxabCf hUgmmj"
                >
                  <p
                    class="sc-bczRLJ cTDXTp"
                  >
                    save
                  </p>
                </div>
                <div
                  class="sc-iIPllB jdDgTD"
                >
                  <button
                    class="sc-ftvSup fgTGsh"
                  >
                    <div
                      class="sc-papXJ jzECTc"
                    >
                      <img
                        class="sc-jqUVSM htJVeA"
                        src="some url"
                      />
                      <span
                        class="sc-iqcoie kWnFou"
                      >
                        <p
                          class="sc-bczRLJ cygevi"
                        >
                          NaN
                        </p>
                      </span>
                    </div>
                    <div
                      class="sc-crXcEl dnNpxW"
                    >
                      <div
                        class="sc-evZas bbzNcv"
                      >
                        <p
                          class="sc-bczRLJ cTDXTp"
                        >
                          video title
                        </p>
                      </div>
                      <div
                        class="sc-breuTD bppYZD"
                      >
                        <p
                          class="sc-bczRLJ cygevi"
                        >
                          channel title
                        </p>
                      </div>
                      <p
                        class="sc-bczRLJ cygevi"
                      >
                        published at
                      </p>
                    </div>
                  </button>
                </div>
              </div>
            </div>
          </div>
          <div
            class="sc-ikZpkk jHenAF"
          >
            <div
              class="sc-gicCDI krBTcR"
            >
              <div
                class="sc-ivTmOn lGvzm"
              >
                <div
                  class="sc-cxabCf hUgmmj"
                >
                  <p
                    class="sc-bczRLJ cTDXTp"
                  >
                    save
                  </p>
                </div>
                <div
                  class="sc-iIPllB jdDgTD"
                >
                  <button
                    class="sc-ksZaOG eaOmpk"
                  >
                    <div
                      class="sc-hAZoDl kHPNAP"
                    >
                      <img
                        class="sc-fnykZs eWLXfB"
                        src="some url"
                      />
                      <span
                        class="sc-fEOsli exrbZj"
                      >
                        <p
                          class="sc-bczRLJ cTDXTp"
                        />
                        <svg
                          class="sc-gsnTZi gSmFuM"
                        >
                          <use
                            href="http://localhost/collectSounds/icons.svg#playlistThumbnail"
                          />
                        </svg>
                      </span>
                    </div>
                    <div
                      class="sc-bjUoiL djMEHe"
                    >
                      <div
                        class="sc-idiyUo bUPSPD"
                      >
                        <p
                          class="sc-bczRLJ cTDXTp"
                        >
                          playlist title
                        </p>
                      </div>
                      <div
                        class="sc-dIouRR gSWUXk"
                      >
                        <p
                          class="sc-bczRLJ cygevi"
                        >
                          channel title
                        </p>
                      </div>
                    </div>
                  </button>
                </div>
              </div>
            </div>
          </div>
        </div>
      </div>
    </div>
  </div>,
  "debug": [Function],
  "findAllByAltText": [Function],
  "findAllByDisplayValue": [Function],
  "findAllByLabelText": [Function],
  "findAllByPlaceholderText": [Function],
  "findAllByRole": [Function],
  "findAllByTestId": [Function],
  "findAllByText": [Function],
  "findAllByTitle": [Function],
  "findByAltText": [Function],
  "findByDisplayValue": [Function],
  "findByLabelText": [Function],
  "findByPlaceholderText": [Function],
  "findByRole": [Function],
  "findByTestId": [Function],
  "findByText": [Function],
  "findByTitle": [Function],
  "getAllByAltText": [Function],
  "getAllByDisplayValue": [Function],
  "getAllByLabelText": [Function],
  "getAllByPlaceholderText": [Function],
  "getAllByRole": [Function],
  "getAllByTestId": [Function],
  "getAllByText": [Function],
  "getAllByTitle": [Function],
  "getByAltText": [Function],
  "getByDisplayValue": [Function],
  "getByLabelText": [Function],
  "getByPlaceholderText": [Function],
  "getByRole": [Function],
  "getByTestId": [Function],
  "getByText": [Function],
  "getByTitle": [Function],
  "queryAllByAltText": [Function],
  "queryAllByDisplayValue": [Function],
  "queryAllByLabelText": [Function],
  "queryAllByPlaceholderText": [Function],
  "queryAllByRole": [Function],
  "queryAllByTestId": [Function],
  "queryAllByText": [Function],
  "queryAllByTitle": [Function],
  "queryByAltText": [Function],
  "queryByDisplayValue": [Function],
  "queryByLabelText": [Function],
  "queryByPlaceholderText": [Function],
  "queryByRole": [Function],
  "queryByTestId": [Function],
  "queryByText": [Function],
  "queryByTitle": [Function],
  "rerender": [Function],
  "unmount": [Function],
}
`;
