// Jest Snapshot v1, https://goo.gl/fbAQLP

exports[`channel component matches to snapshot 1`] = `
Object {
  "asFragment": [Function],
  "baseElement": <body>
    <div>
      <div
        class="sc-hKMtZM fGVoVJ"
      >
        <div
          class="sc-eCYdqJ bXHyLC"
        >
          <button
            class="sc-dkzDqf fcjXBB"
          >
            <svg
              class="sc-bczRLJ bygNPW"
            >
              <use
                href="http://localhost/icons.svg#back"
              />
            </svg>
          </button>
        </div>
      </div>
      <div
        class="sc-jSMfEi kCIUBe"
        height="0"
      />
      <div
        class="sc-jOrMOR fUKKNC"
      >
        <div
          class="sc-dPyBCJ ekEvxl"
        >
          <div
            class="sc-bBXxYQ kAUFCU"
          >
            <div
              class="sc-cOFTSb deSPGJ"
            >
              <div
                class="sc-BeQoi djqjfG"
              >
                <img
                  class="sc-kgUAyh kpTBIx"
                  src="some url"
                />
                <p
                  class="sc-gsnTZi kRxXHn"
                >
                  title
                </p>
              </div>
              <button
                class="sc-dkzDqf fcjXBB"
              >
                <svg
                  class="sc-bczRLJ bygNPW"
                >
                  <use
                    href="http://localhost/icons.svg#playlist"
                  />
                </svg>
              </button>
            </div>
            <div
              class="sc-jdAMXn gymDoM"
            >
              <div
                class="sc-bZnhIo ipLqyg"
              >
                <div
                  class="sc-iTONeN kbQQSd"
                >
                  <p
                    class="sc-gsnTZi kRxXHn"
                  >
                    #
                  </p>
                  <div
                    class="sc-iAvgwm eoCEAc"
                  />
                </div>
                <button
                  class="sc-jIZahH einbSz"
                >
                  <svg
                    class="sc-bczRLJ bygNPW"
                  >
                    <use
                      href="http://localhost/icons.svg#add"
                    />
                  </svg>
                </button>
              </div>
              <div
                class="sc-efBctP da-dRzI"
              >
                <div
                  class="sc-iAvgwm eoCEAc"
                />
                <div
                  class="sc-cTQhss yTWxh"
                >
                  <input
                    class="sc-cCsOjp jwOVXW"
                    placeholder="Add new"
                    value=""
                  />
                  <button
                    class="sc-dkzDqf fcjXBB"
                  >
                    <svg
                      class="sc-bczRLJ bygNPW"
                    >
                      <use
                        href="http://localhost/icons.svg#add"
                      />
                    </svg>
                  </button>
                </div>
              </div>
            </div>
          </div>
        </div>
        <div
          class="sc-hTtwUo jAtbTi"
        >
          <div>
            <div
              class="sc-himrzO dFKkRS"
            >
              <button
                class="sc-jIZahH gdrejY"
              >
                <p
                  class="sc-gsnTZi kRxXHn"
                >
                  About
                </p>
              </button>
              <button
                class="sc-jIZahH einbSz"
              >
                <p
                  class="sc-gsnTZi kRxXHn"
                >
                  Videos
                </p>
              </button>
              <button
                class="sc-jIZahH einbSz"
              >
                <p
                  class="sc-gsnTZi kRxXHn"
                >
                  Playlists
                </p>
              </button>
            </div>
            <div
              class="sc-gXmSlM kqbCfy"
            >
              <p
                class="sc-gsnTZi kRxXHn"
              >
                description
              </p>
            </div>
            <div
              class="sc-gXmSlM kEFoSV"
            >
              <div
                class="sc-kLLXSd bYTOPW"
              >
                <div
                  class="sc-iIPllB eemhuL"
                >
                  <div
                    class="sc-gicCDI ftOffe"
                  >
                    <p
                      class="sc-gsnTZi kRxXHn"
                    >
                      save
                    </p>
                  </div>
                  <div
                    class="sc-bZkfAO dYtKOi"
                  >
                    <button
                      class="sc-kDDrLX rAkeG"
                    >
                      <div
                        class="sc-iqcoie AKIOT"
                      >
                        <img
                          class="sc-crXcEl khVjvR"
                          src="some url"
                        />
                        <span
                          class="sc-breuTD bXgTyK"
                        >
                          <p
                            class="sc-gsnTZi czQjmE"
                          >
                            00
                          </p>
                        </span>
                      </div>
                      <div
                        class="sc-ksZaOG hIgMoS"
                      >
                        <div
                          class="sc-hAZoDl gmTvtw"
                        >
                          <p
                            class="sc-gsnTZi kRxXHn"
                          >
                            playlist title
                          </p>
                        </div>
                        <div
                          class="sc-fnykZs jtFhFE"
                        >
                          <p
                            class="sc-gsnTZi czQjmE"
                          >
                            channel title
                          </p>
                        </div>
                        <p
                          class="sc-gsnTZi czQjmE"
                        >
                          published at
                        </p>
                      </div>
                    </button>
                  </div>
                </div>
              </div>
            </div>
            <div
              class="sc-gXmSlM kEFoSV"
            >
              <div
                class="sc-kLLXSd bYTOPW"
              >
                <div
                  class="sc-iIPllB eemhuL"
                >
                  <div
                    class="sc-gicCDI ftOffe"
                  >
                    <p
                      class="sc-gsnTZi kRxXHn"
                    >
                      save
                    </p>
                  </div>
                  <div
                    class="sc-bZkfAO dYtKOi"
                  >
                    <button
                      class="sc-fEOsli gyjmqh"
                    >
                      <div
                        class="sc-bjUoiL cVuRIQ"
                      >
                        <img
                          class="sc-idiyUo jvFVNF"
                          src="some url"
                        />
                        <span
                          class="sc-dIouRR jKOyOy"
                        >
                          <p
                            class="sc-gsnTZi kRxXHn"
                          >
                            10
                          </p>
                          <svg
                            class="sc-bczRLJ bygNPW"
                          >
                            <use
                              href="http://localhost/icons.svg#playlistThumbnail"
                            />
                          </svg>
                        </span>
                      </div>
                      <div
                        class="sc-hHLeRK hMNrwx"
                      >
                        <div
                          class="sc-dmRaPn bQlMCI"
                        >
                          <p
                            class="sc-gsnTZi kRxXHn"
                          >
                            playlist title
                          </p>
                        </div>
                        <div
                          class="sc-kgflAQ bxpamp"
                        >
                          <p
                            class="sc-gsnTZi czQjmE"
                          >
                            channel title
                          </p>
                        </div>
                      </div>
                    </button>
                  </div>
                </div>
              </div>
            </div>
          </div>
        </div>
      </div>
    </div>
  </body>,
  "container": <div>
    <div
      class="sc-hKMtZM fGVoVJ"
    >
      <div
        class="sc-eCYdqJ bXHyLC"
      >
        <button
          class="sc-dkzDqf fcjXBB"
        >
          <svg
            class="sc-bczRLJ bygNPW"
          >
            <use
              href="http://localhost/icons.svg#back"
            />
          </svg>
        </button>
      </div>
    </div>
    <div
      class="sc-jSMfEi kCIUBe"
      height="0"
    />
    <div
      class="sc-jOrMOR fUKKNC"
    >
      <div
        class="sc-dPyBCJ ekEvxl"
      >
        <div
          class="sc-bBXxYQ kAUFCU"
        >
          <div
            class="sc-cOFTSb deSPGJ"
          >
            <div
              class="sc-BeQoi djqjfG"
            >
              <img
                class="sc-kgUAyh kpTBIx"
                src="some url"
              />
              <p
                class="sc-gsnTZi kRxXHn"
              >
                title
              </p>
            </div>
            <button
              class="sc-dkzDqf fcjXBB"
            >
              <svg
                class="sc-bczRLJ bygNPW"
              >
                <use
                  href="http://localhost/icons.svg#playlist"
                />
              </svg>
            </button>
          </div>
          <div
            class="sc-jdAMXn gymDoM"
          >
            <div
              class="sc-bZnhIo ipLqyg"
            >
              <div
                class="sc-iTONeN kbQQSd"
              >
                <p
                  class="sc-gsnTZi kRxXHn"
                >
                  #
                </p>
                <div
                  class="sc-iAvgwm eoCEAc"
                />
              </div>
              <button
                class="sc-jIZahH einbSz"
              >
                <svg
                  class="sc-bczRLJ bygNPW"
                >
                  <use
                    href="http://localhost/icons.svg#add"
                  />
                </svg>
              </button>
            </div>
            <div
              class="sc-efBctP da-dRzI"
            >
              <div
                class="sc-iAvgwm eoCEAc"
              />
              <div
                class="sc-cTQhss yTWxh"
              >
                <input
                  class="sc-cCsOjp jwOVXW"
                  placeholder="Add new"
                  value=""
                />
                <button
                  class="sc-dkzDqf fcjXBB"
                >
                  <svg
                    class="sc-bczRLJ bygNPW"
                  >
                    <use
                      href="http://localhost/icons.svg#add"
                    />
                  </svg>
                </button>
              </div>
            </div>
          </div>
        </div>
      </div>
      <div
        class="sc-hTtwUo jAtbTi"
      >
        <div>
          <div
            class="sc-himrzO dFKkRS"
          >
            <button
              class="sc-jIZahH gdrejY"
            >
              <p
                class="sc-gsnTZi kRxXHn"
              >
                About
              </p>
            </button>
            <button
              class="sc-jIZahH einbSz"
            >
              <p
                class="sc-gsnTZi kRxXHn"
              >
                Videos
              </p>
            </button>
            <button
              class="sc-jIZahH einbSz"
            >
              <p
                class="sc-gsnTZi kRxXHn"
              >
                Playlists
              </p>
            </button>
          </div>
          <div
            class="sc-gXmSlM kqbCfy"
          >
            <p
              class="sc-gsnTZi kRxXHn"
            >
              description
            </p>
          </div>
          <div
            class="sc-gXmSlM kEFoSV"
          >
            <div
              class="sc-kLLXSd bYTOPW"
            >
              <div
                class="sc-iIPllB eemhuL"
              >
                <div
                  class="sc-gicCDI ftOffe"
                >
                  <p
                    class="sc-gsnTZi kRxXHn"
                  >
                    save
                  </p>
                </div>
                <div
                  class="sc-bZkfAO dYtKOi"
                >
                  <button
                    class="sc-kDDrLX rAkeG"
                  >
                    <div
                      class="sc-iqcoie AKIOT"
                    >
                      <img
                        class="sc-crXcEl khVjvR"
                        src="some url"
                      />
                      <span
                        class="sc-breuTD bXgTyK"
                      >
                        <p
                          class="sc-gsnTZi czQjmE"
                        >
                          00
                        </p>
                      </span>
                    </div>
                    <div
                      class="sc-ksZaOG hIgMoS"
                    >
                      <div
                        class="sc-hAZoDl gmTvtw"
                      >
                        <p
                          class="sc-gsnTZi kRxXHn"
                        >
                          playlist title
                        </p>
                      </div>
                      <div
                        class="sc-fnykZs jtFhFE"
                      >
                        <p
                          class="sc-gsnTZi czQjmE"
                        >
                          channel title
                        </p>
                      </div>
                      <p
                        class="sc-gsnTZi czQjmE"
                      >
                        published at
                      </p>
                    </div>
                  </button>
                </div>
              </div>
            </div>
          </div>
          <div
            class="sc-gXmSlM kEFoSV"
          >
            <div
              class="sc-kLLXSd bYTOPW"
            >
              <div
                class="sc-iIPllB eemhuL"
              >
                <div
                  class="sc-gicCDI ftOffe"
                >
                  <p
                    class="sc-gsnTZi kRxXHn"
                  >
                    save
                  </p>
                </div>
                <div
                  class="sc-bZkfAO dYtKOi"
                >
                  <button
                    class="sc-fEOsli gyjmqh"
                  >
                    <div
                      class="sc-bjUoiL cVuRIQ"
                    >
                      <img
                        class="sc-idiyUo jvFVNF"
                        src="some url"
                      />
                      <span
                        class="sc-dIouRR jKOyOy"
                      >
                        <p
                          class="sc-gsnTZi kRxXHn"
                        >
                          10
                        </p>
                        <svg
                          class="sc-bczRLJ bygNPW"
                        >
                          <use
                            href="http://localhost/icons.svg#playlistThumbnail"
                          />
                        </svg>
                      </span>
                    </div>
                    <div
                      class="sc-hHLeRK hMNrwx"
                    >
                      <div
                        class="sc-dmRaPn bQlMCI"
                      >
                        <p
                          class="sc-gsnTZi kRxXHn"
                        >
                          playlist title
                        </p>
                      </div>
                      <div
                        class="sc-kgflAQ bxpamp"
                      >
                        <p
                          class="sc-gsnTZi czQjmE"
                        >
                          channel title
                        </p>
                      </div>
                    </div>
                  </button>
                </div>
              </div>
            </div>
          </div>
        </div>
      </div>
    </div>
  </div>,
  "debug": [Function],
  "findAllByAltText": [Function],
  "findAllByDisplayValue": [Function],
  "findAllByLabelText": [Function],
  "findAllByPlaceholderText": [Function],
  "findAllByRole": [Function],
  "findAllByTestId": [Function],
  "findAllByText": [Function],
  "findAllByTitle": [Function],
  "findByAltText": [Function],
  "findByDisplayValue": [Function],
  "findByLabelText": [Function],
  "findByPlaceholderText": [Function],
  "findByRole": [Function],
  "findByTestId": [Function],
  "findByText": [Function],
  "findByTitle": [Function],
  "getAllByAltText": [Function],
  "getAllByDisplayValue": [Function],
  "getAllByLabelText": [Function],
  "getAllByPlaceholderText": [Function],
  "getAllByRole": [Function],
  "getAllByTestId": [Function],
  "getAllByText": [Function],
  "getAllByTitle": [Function],
  "getByAltText": [Function],
  "getByDisplayValue": [Function],
  "getByLabelText": [Function],
  "getByPlaceholderText": [Function],
  "getByRole": [Function],
  "getByTestId": [Function],
  "getByText": [Function],
  "getByTitle": [Function],
  "queryAllByAltText": [Function],
  "queryAllByDisplayValue": [Function],
  "queryAllByLabelText": [Function],
  "queryAllByPlaceholderText": [Function],
  "queryAllByRole": [Function],
  "queryAllByTestId": [Function],
  "queryAllByText": [Function],
  "queryAllByTitle": [Function],
  "queryByAltText": [Function],
  "queryByDisplayValue": [Function],
  "queryByLabelText": [Function],
  "queryByPlaceholderText": [Function],
  "queryByRole": [Function],
  "queryByTestId": [Function],
  "queryByText": [Function],
  "queryByTitle": [Function],
  "rerender": [Function],
  "unmount": [Function],
}
`;
