// Jest Snapshot v1, https://goo.gl/fbAQLP

exports[`Content matches to snapshot 1`] = `
Object {
  "asFragment": [Function],
  "baseElement": <body>
    <div>
      <div
        class="sc-breuTD gsmWgn"
      >
        <div
          class="sc-ksZaOG hDOase"
        >
          <div
            class="sc-hAZoDl kAbpCy"
          >
            <div
              class="sc-fnykZs jdeNsS"
            >
              <div
                class="sc-fEOsli edKSy"
              >
                <img
                  class="sc-bjUoiL fbQKcx"
                  src="some url"
                />
                <div
                  class="sc-idiyUo hQhGZs"
                >
                  <input
                    class="sc-bczRLJ bYYIGA"
                    max="10000"
                    type="range"
                    value="5000"
                  />
                </div>
                <div
                  class="sc-dIouRR bGYhCw"
                >
                  <button
                    class="sc-hKMtZM fntRFW"
                  >
                    <svg
                      class="sc-dkzDqf kmBsRH"
                    >
                      <use
                        href="http://localhost/icons.svg#play"
                      />
                    </svg>
                  </button>
                </div>
                <span
                  class="sc-hHLeRK nsCAS"
                >
                  <p
                    class="sc-gsnTZi czQjmE"
                  >
                    10
                  </p>
                </span>
              </div>
            </div>
            <div
              class="sc-dmRaPn cfwbQB"
            >
              <p
                class="sc-gsnTZi kRxXHn"
              >
                title
              </p>
              <p
                class="sc-gsnTZi kRxXHn"
              >
                channel title
              </p>
              <div
                class="sc-kgflAQ jFxzmx"
              >
                <p
                  class="sc-gsnTZi czQjmE"
                >
                  published at
                </p>
                <button
                  class="sc-jSMfEi gLbbbB"
                >
                  <svg
                    class="sc-eCYdqJ jTkpp"
                  >
                    <use
                      href="http://localhost/collectSounds/icons.svg#playlist"
                    />
                  </svg>
                </button>
              </div>
              <div
                class="sc-papXJ fuRzGz"
              >
                <div
                  class="sc-jqUVSM kuhZm"
                >
                  <div
                    class="sc-kDDrLX kdwYMX"
                  >
                    <p
                      class="sc-gsnTZi kRxXHn"
                    >
                      #
                    </p>
                    <div
                      class="sc-iqcoie klbmRv"
                    />
                  </div>
                  <button
                    class="sc-ftvSup ilhzCZ"
                  >
                    <svg
                      class="sc-eCYdqJ jTkpp"
                    >
                      <use
                        href="http://localhost/collectSounds/icons.svg#add"
                      />
                    </svg>
                  </button>
                </div>
                <div
                  class="sc-crXcEl iKofJx"
                >
                  <div
                    class="sc-iqcoie klbmRv"
                  />
                  <div
                    class="sc-evZas uRLpk"
                  >
                    <input
                      class="sc-gKXOVf cKqVrv"
                      placeholder="Add new"
                      value=""
                    />
                    <button
                      class="sc-jSMfEi gLbbbB"
                    >
                      <svg
                        class="sc-eCYdqJ jTkpp"
                      >
                        <use
                          href="http://localhost/collectSounds/icons.svg#add"
                        />
                      </svg>
                    </button>
                  </div>
                </div>
              </div>
            </div>
          </div>
        </div>
        <div
          class="sc-fLlhyt gEbnUe"
        >
          <p
            class="sc-gsnTZi kRxXHn"
          >
            description
          </p>
        </div>
      </div>
    </div>
  </body>,
  "container": <div>
    <div
      class="sc-breuTD gsmWgn"
    >
      <div
        class="sc-ksZaOG hDOase"
      >
        <div
          class="sc-hAZoDl kAbpCy"
        >
          <div
            class="sc-fnykZs jdeNsS"
          >
            <div
              class="sc-fEOsli edKSy"
            >
              <img
                class="sc-bjUoiL fbQKcx"
                src="some url"
              />
              <div
                class="sc-idiyUo hQhGZs"
              >
                <input
                  class="sc-bczRLJ bYYIGA"
                  max="10000"
                  type="range"
                  value="5000"
                />
              </div>
              <div
                class="sc-dIouRR bGYhCw"
              >
                <button
                  class="sc-hKMtZM fntRFW"
                >
                  <svg
                    class="sc-dkzDqf kmBsRH"
                  >
                    <use
                      href="http://localhost/icons.svg#play"
                    />
                  </svg>
                </button>
              </div>
              <span
                class="sc-hHLeRK nsCAS"
              >
                <p
                  class="sc-gsnTZi czQjmE"
                >
                  10
                </p>
              </span>
            </div>
          </div>
          <div
            class="sc-dmRaPn cfwbQB"
          >
            <p
              class="sc-gsnTZi kRxXHn"
            >
              title
            </p>
            <p
              class="sc-gsnTZi kRxXHn"
            >
              channel title
            </p>
            <div
              class="sc-kgflAQ jFxzmx"
            >
              <p
                class="sc-gsnTZi czQjmE"
              >
                published at
              </p>
              <button
                class="sc-jSMfEi gLbbbB"
              >
                <svg
                  class="sc-eCYdqJ jTkpp"
                >
                  <use
                    href="http://localhost/collectSounds/icons.svg#playlist"
                  />
                </svg>
              </button>
            </div>
            <div
              class="sc-papXJ fuRzGz"
            >
              <div
                class="sc-jqUVSM kuhZm"
              >
                <div
                  class="sc-kDDrLX kdwYMX"
                >
                  <p
                    class="sc-gsnTZi kRxXHn"
                  >
                    #
                  </p>
                  <div
                    class="sc-iqcoie klbmRv"
                  />
                </div>
                <button
                  class="sc-ftvSup ilhzCZ"
                >
                  <svg
                    class="sc-eCYdqJ jTkpp"
                  >
                    <use
                      href="http://localhost/collectSounds/icons.svg#add"
                    />
                  </svg>
                </button>
              </div>
              <div
                class="sc-crXcEl iKofJx"
              >
                <div
                  class="sc-iqcoie klbmRv"
                />
                <div
                  class="sc-evZas uRLpk"
                >
                  <input
                    class="sc-gKXOVf cKqVrv"
                    placeholder="Add new"
                    value=""
                  />
                  <button
                    class="sc-jSMfEi gLbbbB"
                  >
                    <svg
                      class="sc-eCYdqJ jTkpp"
                    >
                      <use
                        href="http://localhost/collectSounds/icons.svg#add"
                      />
                    </svg>
                  </button>
                </div>
              </div>
            </div>
          </div>
        </div>
      </div>
      <div
        class="sc-fLlhyt gEbnUe"
      >
        <p
          class="sc-gsnTZi kRxXHn"
        >
          description
        </p>
      </div>
    </div>
  </div>,
  "debug": [Function],
  "findAllByAltText": [Function],
  "findAllByDisplayValue": [Function],
  "findAllByLabelText": [Function],
  "findAllByPlaceholderText": [Function],
  "findAllByRole": [Function],
  "findAllByTestId": [Function],
  "findAllByText": [Function],
  "findAllByTitle": [Function],
  "findByAltText": [Function],
  "findByDisplayValue": [Function],
  "findByLabelText": [Function],
  "findByPlaceholderText": [Function],
  "findByRole": [Function],
  "findByTestId": [Function],
  "findByText": [Function],
  "findByTitle": [Function],
  "getAllByAltText": [Function],
  "getAllByDisplayValue": [Function],
  "getAllByLabelText": [Function],
  "getAllByPlaceholderText": [Function],
  "getAllByRole": [Function],
  "getAllByTestId": [Function],
  "getAllByText": [Function],
  "getAllByTitle": [Function],
  "getByAltText": [Function],
  "getByDisplayValue": [Function],
  "getByLabelText": [Function],
  "getByPlaceholderText": [Function],
  "getByRole": [Function],
  "getByTestId": [Function],
  "getByText": [Function],
  "getByTitle": [Function],
  "queryAllByAltText": [Function],
  "queryAllByDisplayValue": [Function],
  "queryAllByLabelText": [Function],
  "queryAllByPlaceholderText": [Function],
  "queryAllByRole": [Function],
  "queryAllByTestId": [Function],
  "queryAllByText": [Function],
  "queryAllByTitle": [Function],
  "queryByAltText": [Function],
  "queryByDisplayValue": [Function],
  "queryByLabelText": [Function],
  "queryByPlaceholderText": [Function],
  "queryByRole": [Function],
  "queryByTestId": [Function],
  "queryByText": [Function],
  "queryByTitle": [Function],
  "rerender": [Function],
  "unmount": [Function],
}
`;
