// Jest Snapshot v1, https://goo.gl/fbAQLP

exports[`root component matches to snapshot 1`] = `
Object {
  "asFragment": [Function],
  "baseElement": <body>
    <div>
      <div
        class="sc-bczRLJ dcAMCs"
      >
        <div
          class="sc-kDDrLX fXYRsc"
        >
          <div
            class="sc-iqcoie dBQSAP"
          >
            <div
              class="sc-iBkjds jrYXzj"
            >
              <button
                class="sc-gKXOVf kLVYD"
              >
                <svg
                  class="sc-eCYdqJ LTkuR"
                >
                  <use
                    href="icons.svg#search"
                  />
                </svg>
              </button>
              <button
                class="sc-gKXOVf feeGsc"
              >
                <svg
                  class="sc-eCYdqJ jTkpp"
                >
                  <use
                    href="icons.svg#favorite"
                  />
                </svg>
              </button>
              <button
                class="sc-gKXOVf feeGsc"
              >
                <svg
                  class="sc-eCYdqJ jTkpp"
                >
                  <use
                    href="icons.svg#queue"
                  />
                </svg>
              </button>
              <button
                class="sc-gKXOVf feeGsc"
              >
                <svg
                  class="sc-eCYdqJ jTkpp"
                >
                  <use
                    href="icons.svg#settings"
                  />
                </svg>
              </button>
            </div>
          </div>
          <div
            class="sc-bczRLJ dcAMCs"
          >
            <div>
              <div
                class="sc-iTONeN ezROAO"
              >
                <div
                  class="sc-fEOsli fUKqPt"
                >
                  <div
                    class="sc-bjUoiL lcLwsU"
                  >
                    <input
                      class="sc-crXcEl gVIepf"
                      placeholder="search or paste a link"
                      value=""
                    />
                    <button
                      class="sc-ksZaOG cPmqPw"
                    >
                      <svg
                        class="sc-eCYdqJ LTkuR"
                      >
                        <use
                          href="icons.svg#search"
                        />
                      </svg>
                    </button>
                  </div>
                  <div
                    class="sc-evZas gOZISl"
                  >
                    <button
                      class="sc-gKXOVf feeGsc"
                    >
                      <svg
                        class="sc-eCYdqJ jTkpp"
                      >
                        <use
                          href="icons.svg#filters"
                        />
                      </svg>
                      <p
                        class="sc-jSMfEi nDXnF"
                      >
                        Filters
                      </p>
                    </button>
                    <div
                      class="sc-breuTD gpTQFp"
                    >
                      <div
                        class="sc-hAZoDl krNNqJ"
                      >
                        <button
                          class="sc-ksZaOG cPmqPw"
                        >
                          <p
                            class="sc-jSMfEi eCGcxW"
                          >
                            Relevance
                          </p>
                        </button>
                        <ul
                          class="sc-fnykZs bZAmJB"
                        >
                          <li>
                            <button
                              class="sc-ksZaOG cPmqPw"
                            >
                              <p
                                class="sc-jSMfEi eCGcxW"
                              >
                                Date
                              </p>
                            </button>
                          </li>
                          <li>
                            <button
                              class="sc-ksZaOG cPmqPw"
                            >
                              <p
                                class="sc-jSMfEi eCGcxW"
                              >
                                Rating
                              </p>
                            </button>
                          </li>
                          <li>
                            <button
                              class="sc-ksZaOG cPmqPw"
                            >
                              <p
                                class="sc-jSMfEi eCGcxW"
                              >
                                Title
                              </p>
                            </button>
                          </li>
                          <li>
                            <button
                              class="sc-ksZaOG cPmqPw"
                            >
                              <p
                                class="sc-jSMfEi eCGcxW"
                              >
                                Video count
                              </p>
                            </button>
                          </li>
                          <li>
                            <button
                              class="sc-ksZaOG cPmqPw"
                            >
                              <p
                                class="sc-jSMfEi eCGcxW"
                              >
                                View count
                              </p>
                            </button>
                          </li>
                        </ul>
                      </div>
                      <div
                        class="sc-hAZoDl krNNqJ"
                      >
                        <button
                          class="sc-ksZaOG cPmqPw"
                        >
                          <p
                            class="sc-jSMfEi eCGcxW"
                          >
                            All
                          </p>
                        </button>
                        <ul
                          class="sc-fnykZs bZAmJB"
                        >
                          <li>
                            <button
                              class="sc-ksZaOG cPmqPw"
                            >
                              <p
                                class="sc-jSMfEi eCGcxW"
                              >
                                Video
                              </p>
                            </button>
                          </li>
                          <li>
                            <button
                              class="sc-ksZaOG cPmqPw"
                            >
                              <p
                                class="sc-jSMfEi eCGcxW"
                              >
                                Playlist
                              </p>
                            </button>
                          </li>
                          <li>
                            <button
                              class="sc-ksZaOG cPmqPw"
                            >
                              <p
                                class="sc-jSMfEi eCGcxW"
                              >
                                Channel
                              </p>
                            </button>
                          </li>
                        </ul>
                      </div>
                      <div
                        class="sc-hAZoDl krNNqJ"
                      >
                        <button
                          class="sc-ksZaOG cPmqPw"
                        >
                          <p
                            class="sc-jSMfEi eCGcxW"
                          >
                            Any
                          </p>
                        </button>
                        <ul
                          class="sc-fnykZs bZAmJB"
                        >
                          <li>
                            <button
                              class="sc-ksZaOG cPmqPw"
                            >
                              <p
                                class="sc-jSMfEi eCGcxW"
                              >
                                Long
                              </p>
                            </button>
                          </li>
                          <li>
                            <button
                              class="sc-ksZaOG cPmqPw"
                            >
                              <p
                                class="sc-jSMfEi eCGcxW"
                              >
                                Medium
                              </p>
                            </button>
                          </li>
                          <li>
                            <button
                              class="sc-ksZaOG cPmqPw"
                            >
                              <p
                                class="sc-jSMfEi eCGcxW"
                              >
                                Short
                              </p>
                            </button>
                          </li>
                        </ul>
                      </div>
                    </div>
                  </div>
                </div>
              </div>
              <div
                class="sc-iAvgwm iArnHr"
              >
                <div
                  class="sc-efBctP eQwpjb"
                >
                  <div
                    class="sc-gsnTZi hpCOUh"
                  >
                    <svg
                      class="sc-dkzDqf kmidNr"
                      viewBox="25 25 50 50"
                    >
                      <circle
                        class="sc-hKMtZM ijPyFt"
                        cx="50"
                        cy="50"
                        fill="none"
                        r="20"
                        stroke-miterlimit="10"
                        stroke-width="5"
                      />
                    </svg>
                  </div>
                </div>
              </div>
            </div>
          </div>
        </div>
      </div>
    </div>
  </body>,
  "container": <div>
    <div
      class="sc-bczRLJ dcAMCs"
    >
      <div
        class="sc-kDDrLX fXYRsc"
      >
        <div
          class="sc-iqcoie dBQSAP"
        >
          <div
            class="sc-iBkjds jrYXzj"
          >
            <button
              class="sc-gKXOVf kLVYD"
            >
              <svg
                class="sc-eCYdqJ LTkuR"
              >
                <use
                  href="icons.svg#search"
                />
              </svg>
            </button>
            <button
              class="sc-gKXOVf feeGsc"
            >
              <svg
                class="sc-eCYdqJ jTkpp"
              >
                <use
                  href="icons.svg#favorite"
                />
              </svg>
            </button>
            <button
              class="sc-gKXOVf feeGsc"
            >
              <svg
                class="sc-eCYdqJ jTkpp"
              >
                <use
                  href="icons.svg#queue"
                />
              </svg>
            </button>
            <button
              class="sc-gKXOVf feeGsc"
            >
              <svg
                class="sc-eCYdqJ jTkpp"
              >
                <use
                  href="icons.svg#settings"
                />
              </svg>
            </button>
          </div>
        </div>
        <div
          class="sc-bczRLJ dcAMCs"
        >
          <div>
            <div
              class="sc-iTONeN ezROAO"
            >
              <div
                class="sc-fEOsli fUKqPt"
              >
                <div
                  class="sc-bjUoiL lcLwsU"
                >
                  <input
                    class="sc-crXcEl gVIepf"
                    placeholder="search or paste a link"
                    value=""
                  />
                  <button
                    class="sc-ksZaOG cPmqPw"
                  >
                    <svg
                      class="sc-eCYdqJ LTkuR"
                    >
                      <use
                        href="icons.svg#search"
                      />
                    </svg>
                  </button>
                </div>
                <div
                  class="sc-evZas gOZISl"
                >
                  <button
                    class="sc-gKXOVf feeGsc"
                  >
                    <svg
                      class="sc-eCYdqJ jTkpp"
                    >
                      <use
                        href="icons.svg#filters"
                      />
                    </svg>
                    <p
                      class="sc-jSMfEi nDXnF"
                    >
                      Filters
                    </p>
                  </button>
                  <div
                    class="sc-breuTD gpTQFp"
                  >
                    <div
                      class="sc-hAZoDl krNNqJ"
                    >
                      <button
                        class="sc-ksZaOG cPmqPw"
                      >
                        <p
                          class="sc-jSMfEi eCGcxW"
                        >
                          Relevance
                        </p>
                      </button>
                      <ul
                        class="sc-fnykZs bZAmJB"
                      >
                        <li>
                          <button
                            class="sc-ksZaOG cPmqPw"
                          >
                            <p
                              class="sc-jSMfEi eCGcxW"
                            >
                              Date
                            </p>
                          </button>
                        </li>
                        <li>
                          <button
                            class="sc-ksZaOG cPmqPw"
                          >
                            <p
                              class="sc-jSMfEi eCGcxW"
                            >
                              Rating
                            </p>
                          </button>
                        </li>
                        <li>
                          <button
                            class="sc-ksZaOG cPmqPw"
                          >
                            <p
                              class="sc-jSMfEi eCGcxW"
                            >
                              Title
                            </p>
                          </button>
                        </li>
                        <li>
                          <button
                            class="sc-ksZaOG cPmqPw"
                          >
                            <p
                              class="sc-jSMfEi eCGcxW"
                            >
                              Video count
                            </p>
                          </button>
                        </li>
                        <li>
                          <button
                            class="sc-ksZaOG cPmqPw"
                          >
                            <p
                              class="sc-jSMfEi eCGcxW"
                            >
                              View count
                            </p>
                          </button>
                        </li>
                      </ul>
                    </div>
                    <div
                      class="sc-hAZoDl krNNqJ"
                    >
                      <button
                        class="sc-ksZaOG cPmqPw"
                      >
                        <p
                          class="sc-jSMfEi eCGcxW"
                        >
                          All
                        </p>
                      </button>
                      <ul
                        class="sc-fnykZs bZAmJB"
                      >
                        <li>
                          <button
                            class="sc-ksZaOG cPmqPw"
                          >
                            <p
                              class="sc-jSMfEi eCGcxW"
                            >
                              Video
                            </p>
                          </button>
                        </li>
                        <li>
                          <button
                            class="sc-ksZaOG cPmqPw"
                          >
                            <p
                              class="sc-jSMfEi eCGcxW"
                            >
                              Playlist
                            </p>
                          </button>
                        </li>
                        <li>
                          <button
                            class="sc-ksZaOG cPmqPw"
                          >
                            <p
                              class="sc-jSMfEi eCGcxW"
                            >
                              Channel
                            </p>
                          </button>
                        </li>
                      </ul>
                    </div>
                    <div
                      class="sc-hAZoDl krNNqJ"
                    >
                      <button
                        class="sc-ksZaOG cPmqPw"
                      >
                        <p
                          class="sc-jSMfEi eCGcxW"
                        >
                          Any
                        </p>
                      </button>
                      <ul
                        class="sc-fnykZs bZAmJB"
                      >
                        <li>
                          <button
                            class="sc-ksZaOG cPmqPw"
                          >
                            <p
                              class="sc-jSMfEi eCGcxW"
                            >
                              Long
                            </p>
                          </button>
                        </li>
                        <li>
                          <button
                            class="sc-ksZaOG cPmqPw"
                          >
                            <p
                              class="sc-jSMfEi eCGcxW"
                            >
                              Medium
                            </p>
                          </button>
                        </li>
                        <li>
                          <button
                            class="sc-ksZaOG cPmqPw"
                          >
                            <p
                              class="sc-jSMfEi eCGcxW"
                            >
                              Short
                            </p>
                          </button>
                        </li>
                      </ul>
                    </div>
                  </div>
                </div>
              </div>
            </div>
            <div
              class="sc-iAvgwm iArnHr"
            >
              <div
                class="sc-efBctP eQwpjb"
              >
                <div
                  class="sc-gsnTZi hpCOUh"
                >
                  <svg
                    class="sc-dkzDqf kmidNr"
                    viewBox="25 25 50 50"
                  >
                    <circle
                      class="sc-hKMtZM ijPyFt"
                      cx="50"
                      cy="50"
                      fill="none"
                      r="20"
                      stroke-miterlimit="10"
                      stroke-width="5"
                    />
                  </svg>
                </div>
              </div>
            </div>
          </div>
        </div>
      </div>
    </div>
  </div>,
  "debug": [Function],
  "findAllByAltText": [Function],
  "findAllByDisplayValue": [Function],
  "findAllByLabelText": [Function],
  "findAllByPlaceholderText": [Function],
  "findAllByRole": [Function],
  "findAllByTestId": [Function],
  "findAllByText": [Function],
  "findAllByTitle": [Function],
  "findByAltText": [Function],
  "findByDisplayValue": [Function],
  "findByLabelText": [Function],
  "findByPlaceholderText": [Function],
  "findByRole": [Function],
  "findByTestId": [Function],
  "findByText": [Function],
  "findByTitle": [Function],
  "getAllByAltText": [Function],
  "getAllByDisplayValue": [Function],
  "getAllByLabelText": [Function],
  "getAllByPlaceholderText": [Function],
  "getAllByRole": [Function],
  "getAllByTestId": [Function],
  "getAllByText": [Function],
  "getAllByTitle": [Function],
  "getByAltText": [Function],
  "getByDisplayValue": [Function],
  "getByLabelText": [Function],
  "getByPlaceholderText": [Function],
  "getByRole": [Function],
  "getByTestId": [Function],
  "getByText": [Function],
  "getByTitle": [Function],
  "queryAllByAltText": [Function],
  "queryAllByDisplayValue": [Function],
  "queryAllByLabelText": [Function],
  "queryAllByPlaceholderText": [Function],
  "queryAllByRole": [Function],
  "queryAllByTestId": [Function],
  "queryAllByText": [Function],
  "queryAllByTitle": [Function],
  "queryByAltText": [Function],
  "queryByDisplayValue": [Function],
  "queryByLabelText": [Function],
  "queryByPlaceholderText": [Function],
  "queryByRole": [Function],
  "queryByTestId": [Function],
  "queryByText": [Function],
  "queryByTitle": [Function],
  "rerender": [Function],
  "unmount": [Function],
}
`;
